[START] 2026-06-03T02:16:08+00:00
/home/huangxin/llmNrec/Letter/LETTER-master/component_relation_sid/rqvae_supervision/results/reports/rqvae_interface_audit.md

/home/huangxin/llmNrec/Letter/LETTER-master/component_relation_sid/rqvae_supervision/results/plain_st5_rqvae/input/Beauty_st5_rqvae_input_summary.json

{
  "num_items": 12101,
  "product_type_num_classes": 118,
  "product_type_missing_ratio": 0.013139409966118502,
  "product_type_other_ratio": 0.23692256838277828,
  "attr_core_num_labels": 69,
  "attr_all_num_labels": 164,
  "avg_attr_core_per_item": 1.6050739288330078,
  "avg_attr_all_per_item": 1.9639699459075928,
  "relation_type_num_labels": 7,
  "avg_relation_types_per_item": 2.320221424102783,
  "top_product_type_labels": [
    [
      "spray",
      682
    ],
    [
      "cream",
      653
    ],
    [
      "oil",
      629
    ],
    [
      "shampoo",
      503
    ],
    [
      "gel",
      495
    ],
    [
      "brush",
      456
    ],
    [
      "lotion",
      381
    ],
    [
      "conditioner",
      368
    ],
    [
      "serum",
      287
    ],
    [
      "polish",
      282
    ],
    [
      "treatment",
      259
    ],
    [
      "wash",
      204
    ],
    [
      "mascara",
      203
    ],
    [
      "soap",
      203
    ],
    [
      "powder",
      200
    ],
    [
      "cleanser",
      179
    ],
    [
      "__missing__",
      159
    ],
    [
      "moisturizer",
      150
    ],
    [
      "mask",
      140
    ],
    [
      "black",
      115
    ]
  ],
  "top_attr_core_labels": [
    [
      "oil",
      1633
    ],
    [
      "cream",
      1036
    ],
    [
      "black",
      870
    ],
    [
      "spray",
      800
    ],
    [
      "gel",
      764
    ],
    [
      "moisturizing",
      698
    ],
    [
      "wrinkles",
      652
    ],
    [
      "clear",
      568
    ],
    [
      "lotion",
      554
    ],
    [
      "powder",
      503
    ],
    [
      "cleansing",
      500
    ],
    [
      "acne",
      469
    ],
    [
      "serum",
      431
    ],
    [
      "white",
      422
    ],
    [
      "pink",
      401
    ],
    [
      "liquid",
      385
    ],
    [
      "oily",
      371
    ],
    [
      "nourishing",
      370
    ],
    [
      "aloe",
      369
    ],
    [
      "green",
      351
    ]
  ],
  "top_attr_all_labels": [
    [
      "oil",
      1636
    ],
    [
      "cream",
      1042
    ],
    [
      "black",
      871
    ],
    [
      "spray",
      802
    ],
    [
      "gel",
      765
    ],
    [
      "moisturizing",
      701
    ],
    [
      "wrinkles",
      652
    ],
    [
      "clear",
      578
    ],
    [
      "lotion",
      556
    ],
    [
      "bottle",
      547
    ],
    [
      "cleansing",
      505
    ],
    [
      "powder",
      504
    ],
    [
      "acne",
      473
    ],
    [
      "serum",
      434
    ],
    [
      "white",
      422
    ],
    [
      "pink",
      402
    ],
    [
      "liquid",
      387
    ],
    [
      "oily",
      371
    ],
    [
      "nourishing",
      370
    ],
    [
      "aloe",
      369
    ]
  ],
  "top_relation_types": [
    [
      "attribute_of",
      12100
    ],
    [
      "package_of",
      3121
    ],
    [
      "function_of",
      2953
    ],
    [
      "variant_of",
      2786
    ],
    [
      "target_for",
      2750
    ],
    [
      "texture_of",
      2561
    ],
    [
      "ingredient_of",
      1806
    ]
  ],
  "attr_core_sparsity": 0.9767380356788635,
  "attr_all_sparsity": 0.9880245923995972
}

0, NVIDIA A100-PCIE-40GB, 40960 MiB, 1153 MiB, 100 %
1, NVIDIA A100-PCIE-40GB, 40960 MiB, 1047 MiB, 100 %
2, NVIDIA A100-PCIE-40GB, 40960 MiB, 1047 MiB, 100 %
3, NVIDIA A100-PCIE-40GB, 40960 MiB, 1047 MiB, 100 %
[ERROR] GPU2 is occupied (1047 MiB).
[NEXT] GPU2 is busy. Ask before re-running explicitly with GPU3.
